k = 8, n + 1 = 2 phi(n), 3 | n: 10458 prefixes of five primes, total width of the intervals for p_6 13045270773, 10897 pieces in 445 batches, estimated work 5.6 processor hours
0 batches already in the journal, 445 to do
  1/445 batches, 42s
  51/445 batches, 1145s
  101/445 batches, 2156s
  151/445 batches, 3033s
  201/445 batches, 3763s
  251/445 batches, 4394s
  301/445 batches, 4904s
  351/445 batches, 5380s
  401/445 batches, 5814s
  445/445 batches, 6341s
pieces treated 10897 of 10897
admissible p_6 228260561, with an empty range 471; trial divisions 3.4323e+11, values of the sum 6.7447e+13, candidates tested exactly 15110275245; p_6 treated by factoring N 1967265 (N up to 39 digits)
processor time: scan3 3.86 h, PARI/GP 2.95 h
completions s < p < q in integers: 21
    (4294967459, 113407896044937359, 53998014529576766405) p composite q composite
    (4294967969, 27419312914203719, 78410484361621539095) p prime q composite
    (4596195557, 65533391633, 355694953689628478107898909) p prime q composite
    (83623937, 6992962672132097, 48901526933832864378258473353217) p composite q composite
    (83623937, 6992962672132109, 3761655917987149868754656841413) p prime q composite
    (83623937, 6992962672132133, 1321662890103597733105801894829) p composite q composite
    (83623937, 6992962672132205, 448637861778290088240615262565) p composite q composite
    (83623937, 6992962672132577, 101666376161821665281374421537) p composite q composite
    (83623937, 6992962672133513, 34510604752182615676360065209) p composite q composite
    (83623937, 6992962672136129, 12125347615636265808021946433) p composite q composite
    (83623937, 6992962672184525, 932719047363090873852887045) p composite q composite
    (83623937, 6992993474312885, 1587606496673670800285) p composite q composite
    (83623937, 6993363100482353, 122130031709672029649) p composite q composite
    (83623937, 6994102352821289, 42915087657563987993) p composite q composite
    (83623937, 6996320109838097, 14572126024240927217) p composite q composite
    (83623937, 7007778521091605, 3307615631509967165) p composite q composite
    (83623937, 7036609362310109, 1127387813562039413) p composite q prime
    (83623937, 7117187867254133, 400645207579396829) p composite q composite
    (83623937, 8607890208718577, 37273904588075537) p composite q composite
    (83625827, 3698107203375, 122571840777322899429285) p composite q composite
    (83760029, 51467329335, 11874809561886335859) p composite q composite
solutions (all eight entries prime): 0 []
wall 6341s
